// Jest Snapshot v1, https://goo.gl/fbAQLP

exports[`NewIncomeModal component should match snapshot for new income page 1`] = `
<Modal
  animationType="slide"
  hardwareAccelerated={false}
  transparent={true}
  visible={true}
>
  <View
    accessibilityState={
      {
        "busy": undefined,
        "checked": undefined,
        "disabled": undefined,
        "expanded": undefined,
        "selected": undefined,
      }
    }
    accessible={true}
    focusable={true}
    onClick={[Function]}
    onResponderGrant={[Function]}
    onResponderMove={[Function]}
    onResponderRelease={[Function]}
    onResponderTerminate={[Function]}
    onResponderTerminationRequest={[Function]}
    onStartShouldSetResponder={[Function]}
    style={
      {
        "alignItems": "center",
        "backgroundColor": "rgba(0, 0, 0, 0.5)",
        "flex": 1,
        "justifyContent": "center",
      }
    }
  >
    <View
      style={
        {
          "backgroundColor": "#FFF",
          "borderRadius": 16,
          "elevation": 3,
          "padding": 24,
          "paddingBottom": 30,
          "shadowColor": "#000",
          "shadowOffset": {
            "height": 2,
            "width": 0,
          },
          "shadowOpacity": 0.2,
          "shadowRadius": 4,
          "width": "90%",
        }
      }
    >
      <View
        style={
          {
            "alignItems": "center",
            "flexDirection": "row",
            "justifyContent": "center",
            "marginBottom": 20,
          }
        }
      >
        <View
          accessibilityState={
            {
              "busy": undefined,
              "checked": undefined,
              "disabled": undefined,
              "expanded": undefined,
              "selected": undefined,
            }
          }
          accessibilityValue={
            {
              "max": undefined,
              "min": undefined,
              "now": undefined,
              "text": undefined,
            }
          }
          accessible={true}
          collapsable={false}
          focusable={true}
          onBlur={[Function]}
          onClick={[Function]}
          onFocus={[Function]}
          onResponderGrant={[Function]}
          onResponderMove={[Function]}
          onResponderRelease={[Function]}
          onResponderTerminate={[Function]}
          onResponderTerminationRequest={[Function]}
          onStartShouldSetResponder={[Function]}
          style={
            {
              "left": 0,
              "position": "absolute",
            }
          }
        >
          <RNSVGSvgView
            align="xMidYMid"
            bbHeight={30}
            bbWidth={30}
            color="black"
            focusable={false}
            height={30}
            meetOrSlice={0}
            minX={0}
            minY={0}
            style={
              [
                {
                  "backgroundColor": "transparent",
                  "borderWidth": 0,
                },
                {},
                {
                  "flex": 0,
                  "height": 30,
                  "width": 30,
                },
              ]
            }
            tintColor="black"
            vbHeight={512}
            vbWidth={512}
            width={30}
            xmlns="http://www.w3.org/2000/svg"
          >
            <RNSVGGroup
              fill={
                {
                  "payload": 4278190080,
                  "type": 0,
                }
              }
            >
              <RNSVGPath
                d="M420.48 121.813L390.187 91.52L256 225.92L121.813 91.52L91.52 121.813L225.92 256L91.52 390.187l30.293 30.293L256 286.08l134.187 134.4l30.293-30.293L286.08 256z"
                fill={
                  {
                    "type": 2,
                  }
                }
                propList={
                  [
                    "fill",
                  ]
                }
              />
            </RNSVGGroup>
          </RNSVGSvgView>
        </View>
        <Text
          style={
            {
              "fontSize": 24,
              "fontWeight": "600",
            }
          }
        >
          New Income
        </Text>
      </View>
      <View
        style={
          {
            "gap": 20,
          }
        }
      >
        <TextInput
          onChangeText={[Function]}
          placeholder="Title: Add a Title"
          style={
            {
              "borderColor": "black",
              "borderRadius": 16,
              "borderWidth": 1,
              "fontSize": 16,
              "height": 50,
              "padding": 12,
            }
          }
          value=""
        />
        <TextInput
          keyboardType="numeric"
          onChangeText={[Function]}
          placeholder="Amount ($):"
          style={
            {
              "borderColor": "black",
              "borderRadius": 16,
              "borderWidth": 1,
              "fontSize": 16,
              "height": 50,
              "padding": 12,
            }
          }
          value=""
        />
        <View
          style={
            {
              "flexDirection": "row",
              "justifyContent": "space-evenly",
            }
          }
        >
          <View
            style={
              {
                "alignItems": "center",
                "flexDirection": "row",
              }
            }
          >
            <View
              accessibilityLabel="Once"
              accessibilityRole="radio"
              accessibilityState={
                {
                  "busy": undefined,
                  "checked": true,
                  "disabled": false,
                  "expanded": undefined,
                  "selected": undefined,
                }
              }
              accessibilityValue={
                {
                  "max": undefined,
                  "min": undefined,
                  "now": undefined,
                  "text": undefined,
                }
              }
              accessible={true}
              collapsable={false}
              focusable={true}
              onBlur={[Function]}
              onClick={[Function]}
              onFocus={[Function]}
              onResponderGrant={[Function]}
              onResponderMove={[Function]}
              onResponderRelease={[Function]}
              onResponderTerminate={[Function]}
              onResponderTerminationRequest={[Function]}
              onStartShouldSetResponder={[Function]}
              style={
                [
                  false,
                  undefined,
                ]
              }
              testID="once"
            >
              <View
                pointerEvents="none"
                style={
                  [
                    {
                      "alignItems": "center",
                      "flexDirection": "row",
                      "justifyContent": "space-between",
                      "paddingHorizontal": 16,
                      "paddingVertical": 8,
                    },
                    undefined,
                  ]
                }
              >
                <View
                  accessibilityLiveRegion="polite"
                  accessibilityRole="radio"
                  accessibilityState={
                    {
                      "busy": undefined,
                      "checked": true,
                      "disabled": false,
                      "expanded": undefined,
                      "selected": undefined,
                    }
                  }
                  accessibilityValue={
                    {
                      "max": undefined,
                      "min": undefined,
                      "now": undefined,
                      "text": undefined,
                    }
                  }
                  accessible={true}
                  collapsable={false}
                  focusable={true}
                  onBlur={[Function]}
                  onClick={[Function]}
                  onFocus={[Function]}
                  onResponderGrant={[Function]}
                  onResponderMove={[Function]}
                  onResponderRelease={[Function]}
                  onResponderTerminate={[Function]}
                  onResponderTerminationRequest={[Function]}
                  onStartShouldSetResponder={[Function]}
                  style={
                    [
                      {
                        "overflow": "hidden",
                      },
                      {
                        "borderRadius": 18,
                        "padding": 6,
                      },
                    ]
                  }
                >
                  <View
                    style={
                      {
                        "opacity": 1,
                      }
                    }
                  >
                    <Text
                      accessibilityElementsHidden={true}
                      allowFontScaling={false}
                      importantForAccessibility="no-hide-descendants"
                      pointerEvents="none"
                      selectable={false}
                      style={
                        [
                          {
                            "color": "rgba(103, 80, 164, 1)",
                            "fontSize": 24,
                          },
                          [
                            {
                              "lineHeight": 24,
                              "transform": [
                                {
                                  "scaleX": 1,
                                },
                              ],
                            },
                            {
                              "backgroundColor": "transparent",
                            },
                          ],
                          {
                            "fontFamily": "Material Design Icons",
                            "fontStyle": "normal",
                            "fontWeight": "normal",
                          },
                          {},
                        ]
                      }
                    >
                      󰄬
                    </Text>
                  </View>
                </View>
                <Text
                  style={
                    [
                      {
                        "textAlign": "left",
                      },
                      {
                        "color": "rgba(28, 27, 31, 1)",
                        "writingDirection": "ltr",
                      },
                      [
                        {
                          "fontFamily": "System",
                          "fontSize": 16,
                          "fontWeight": "400",
                          "letterSpacing": 0.15,
                          "lineHeight": 24,
                        },
                        [
                          {
                            "flexGrow": 1,
                            "flexShrink": 1,
                          },
                          false,
                          {
                            "color": "rgba(28, 27, 31, 1)",
                            "textAlign": "right",
                          },
                          undefined,
                        ],
                      ],
                    ]
                  }
                >
                  Once
                </Text>
              </View>
            </View>
          </View>
          <View
            style={
              {
                "alignItems": "center",
                "flexDirection": "row",
              }
            }
          >
            <View
              accessibilityLabel="Periodically"
              accessibilityRole="radio"
              accessibilityState={
                {
                  "busy": undefined,
                  "checked": false,
                  "disabled": false,
                  "expanded": undefined,
                  "selected": undefined,
                }
              }
              accessibilityValue={
                {
                  "max": undefined,
                  "min": undefined,
                  "now": undefined,
                  "text": undefined,
                }
              }
              accessible={true}
              collapsable={false}
              focusable={true}
              onBlur={[Function]}
              onClick={[Function]}
              onFocus={[Function]}
              onResponderGrant={[Function]}
              onResponderMove={[Function]}
              onResponderRelease={[Function]}
              onResponderTerminate={[Function]}
              onResponderTerminationRequest={[Function]}
              onStartShouldSetResponder={[Function]}
              style={
                [
                  false,
                  undefined,
                ]
              }
              testID="periodically"
            >
              <View
                pointerEvents="none"
                style={
                  [
                    {
                      "alignItems": "center",
                      "flexDirection": "row",
                      "justifyContent": "space-between",
                      "paddingHorizontal": 16,
                      "paddingVertical": 8,
                    },
                    undefined,
                  ]
                }
              >
                <View
                  accessibilityLiveRegion="polite"
                  accessibilityRole="radio"
                  accessibilityState={
                    {
                      "busy": undefined,
                      "checked": false,
                      "disabled": false,
                      "expanded": undefined,
                      "selected": undefined,
                    }
                  }
                  accessibilityValue={
                    {
                      "max": undefined,
                      "min": undefined,
                      "now": undefined,
                      "text": undefined,
                    }
                  }
                  accessible={true}
                  collapsable={false}
                  focusable={true}
                  onBlur={[Function]}
                  onClick={[Function]}
                  onFocus={[Function]}
                  onResponderGrant={[Function]}
                  onResponderMove={[Function]}
                  onResponderRelease={[Function]}
                  onResponderTerminate={[Function]}
                  onResponderTerminationRequest={[Function]}
                  onStartShouldSetResponder={[Function]}
                  style={
                    [
                      {
                        "overflow": "hidden",
                      },
                      {
                        "borderRadius": 18,
                        "padding": 6,
                      },
                    ]
                  }
                >
                  <View
                    style={
                      {
                        "opacity": 0,
                      }
                    }
                  >
                    <Text
                      accessibilityElementsHidden={true}
                      allowFontScaling={false}
                      importantForAccessibility="no-hide-descendants"
                      pointerEvents="none"
                      selectable={false}
                      style={
                        [
                          {
                            "color": "rgba(103, 80, 164, 1)",
                            "fontSize": 24,
                          },
                          [
                            {
                              "lineHeight": 24,
                              "transform": [
                                {
                                  "scaleX": 1,
                                },
                              ],
                            },
                            {
                              "backgroundColor": "transparent",
                            },
                          ],
                          {
                            "fontFamily": "Material Design Icons",
                            "fontStyle": "normal",
                            "fontWeight": "normal",
                          },
                          {},
                        ]
                      }
                    >
                      󰄬
                    </Text>
                  </View>
                </View>
                <Text
                  style={
                    [
                      {
                        "textAlign": "left",
                      },
                      {
                        "color": "rgba(28, 27, 31, 1)",
                        "writingDirection": "ltr",
                      },
                      [
                        {
                          "fontFamily": "System",
                          "fontSize": 16,
                          "fontWeight": "400",
                          "letterSpacing": 0.15,
                          "lineHeight": 24,
                        },
                        [
                          {
                            "flexGrow": 1,
                            "flexShrink": 1,
                          },
                          false,
                          {
                            "color": "rgba(28, 27, 31, 1)",
                            "textAlign": "right",
                          },
                          undefined,
                        ],
                      ],
                    ]
                  }
                >
                  Periodically
                </Text>
              </View>
            </View>
          </View>
        </View>
        <View
          accessibilityState={
            {
              "busy": undefined,
              "checked": undefined,
              "disabled": undefined,
              "expanded": undefined,
              "selected": undefined,
            }
          }
          accessibilityValue={
            {
              "max": undefined,
              "min": undefined,
              "now": undefined,
              "text": undefined,
            }
          }
          accessible={true}
          collapsable={false}
          focusable={true}
          onBlur={[Function]}
          onClick={[Function]}
          onFocus={[Function]}
          onResponderGrant={[Function]}
          onResponderMove={[Function]}
          onResponderRelease={[Function]}
          onResponderTerminate={[Function]}
          onResponderTerminationRequest={[Function]}
          onStartShouldSetResponder={[Function]}
          style={
            {
              "alignItems": "center",
              "backgroundColor": "#C6FFC9",
              "borderColor": "black",
              "borderRadius": 16,
              "borderWidth": 1,
              "height": 50,
              "justifyContent": "center",
            }
          }
        >
          <Text
            style={
              {
                "fontSize": 18,
                "fontWeight": "600",
              }
            }
          >
            Add Income
          </Text>
        </View>
      </View>
    </View>
  </View>
</Modal>
`;
